17:33:21 **** Incremental Build of configuration Debug for project ReflowControllerFW ****
make -j8 all 
arm-none-eabi-gcc "../Core/Src/Encoder.c" -mcpu=cortex-m3 -std=gnu11 -g3 -DDEBUG -DUSE_HAL_DRIVER -DSTM32F103x6 -c -I../Core/Inc -I../Drivers/STM32F1xx_HAL_Driver/Inc/Legacy -I../Drivers/STM32F1xx_HAL_Driver/Inc -I../Drivers/CMSIS/Device/ST/STM32F1xx/Include -I../Drivers/CMSIS/Include -O0 -ffunction-sections -fdata-sections -Wall -fstack-usage -MMD -MP -MF"Core/Src/Encoder.d" -MT"Core/Src/Encoder.o" --specs=nano.specs -mfloat-abi=soft -mthumb -o "Core/Src/Encoder.o"
arm-none-eabi-gcc -o "ReflowControllerFW.elf" @"objects.list"   -mcpu=cortex-m3 -T"C:\Users\ellis\OneDrive\Desktop\Projects\Reflow-Hot-Plate\2.Firmware\ReflowControllerFW\STM32F103C6TX_FLASH.ld" --specs=nosys.specs -Wl,-Map="ReflowControllerFW.map" -Wl,--gc-sections -static --specs=nano.specs -mfloat-abi=soft -mthumb -Wl,--start-group -lc -lm -Wl,--end-group
Finished building target: ReflowControllerFW.elf
 
arm-none-eabi-size   ReflowControllerFW.elf 
arm-none-eabi-objdump -h -S  ReflowControllerFW.elf  > "ReflowControllerFW.list"
   text	   data	    bss	    dec	    hex	filename
  22596	    132	   2932	  25660	   643c	ReflowControllerFW.elf
Finished building: default.size.stdout
 
Finished building: ReflowControllerFW.list
 

17:33:24 Build Finished. 0 errors, 0 warnings. (took 3s.518ms)

